// Jest Snapshot v1, https://goo.gl/fbAQLP

exports[`Component: EpicCell ui default 1`] = `
<div>
  <div
    class="epic-table-cell border-bottom p-1"
    style="min-width: 300px; width: 300px; height: 44px;"
  >
    epic cell
  </div>
</div>
`;
