// Jest Snapshot v1, https://goo.gl/fbAQLP

exports[`Component: CrudHeader ui default 1`] = `
<div>
  <div
    class="epic-table-header d-flex align-items-center justify-content-between p-1"
    style="min-width: 300px; width: 300px; height: 44px;"
  >
    This is a header
  </div>
</div>
`;
