// Jest Snapshot v1, https://goo.gl/fbAQLP

exports[`Component: AddonIcon ui 1`] = `
<div>
  <span
    class="input-group-text"
  >
    <i
      class="icon material-icons material-icons__filled"
    >
      360
    </i>
  </span>
</div>
`;
