// Vitest Snapshot v1

exports[`Component: Spinner > ui 1`] = `
<div>
  <svg
    class="spinner"
    height="42"
    viewBox="25 25 50 50"
    width="42"
  >
    <circle
      class="path"
      cx="50"
      cy="50"
      fill="none"
      r="20"
      stroke="white"
      stroke-miterlimit="10"
      stroke-width="4"
    />
  </svg>
</div>
`;
