// Jest Snapshot v1, https://goo.gl/fbAQLP

exports[`Component: Debug ui 1`] = `
<CardOpenClose
  header="DEBUG"
  isOpen={true}
  toggle={[Function]}
>
  <Component />
</CardOpenClose>
`;

exports[`Component: Debug ui 2`] = `undefined`;
