// Jest Snapshot v1, https://goo.gl/fbAQLP

exports[`Component: Async|AsyncList ui 1`] = `
<div>
  <ul>
    <li>
      admin@42.nl
    </li>
    <li>
      coordinator@42.nl
    </li>
    <li>
      user@42.nl
    </li>
  </ul>
</div>
`;
