// Jest Snapshot v1, https://goo.gl/fbAQLP

exports[`Component: AvatarsStack ui: Component: AvatarsStack => ui 1`] = `
<div
  className="avatar-stack"
>
  <Avatar
    alt="Picture 1"
    key="1"
    size="xs"
    src="http://lorempixel.com/200/200"
  />
  <Avatar
    alt="Picture 2"
    key="2"
    size="sm"
    src="http://lorempixel.com/200/200"
  />
  <Avatar
    alt="Picture 3"
    key="3"
    size="md"
    src="http://lorempixel.com/200/200"
  />
  <Avatar
    alt="Picture 4"
    key="4"
    size="lg"
    src="http://lorempixel.com/200/200"
  />
</div>
`;
