// Jest Snapshot v1, https://goo.gl/fbAQLP

exports[`Component: AddonIcon ui: Component: AddonIcon 1`] = `
<Addon
  position="right"
>
  <InputGroupText
    tag="span"
  >
    <Icon
      className="custom-class"
      icon="360"
    />
  </InputGroupText>
</Addon>
`;
