// Vitest Snapshot v1

exports[`Component: FileInput > ui > with value 1`] = `
<div>
  <div
    class="file-upload  mb-3"
    color="success"
  >
    <label
      class="form-label"
      for="file-upload-with-button"
    >
      Upload a file here
    </label>
    <input
      accept="text/plain"
      id="file-upload-with-button"
      type="file"
    />
    <div
      class="input-group"
    >
      <input
        aria-label="This is a placeholder input that should not be reachable. Use the file input instead."
        class="form-control"
        defaultvalue="maarten.png"
        placeholder="Upload a file here"
        tabindex="-1"
        type="text"
      />
      <span
        class="button d-inline-block danger"
      >
        <button
          class="btn btn-danger btn-md"
          type="button"
        >
          <div
            class="d-flex justify-content-center align-items-center"
          >
            <i
              class="icon d-block material-icons"
            >
              delete
            </i>
          </div>
        </button>
      </span>
    </div>
    Some error
  </div>
</div>
`;
