// Vitest Snapshot v1

exports[`Component: EpicForm > ui 1`] = `
<div>
  <form
    class="epic-table-form border-bottom p-1"
    id="test"
    style="min-width: 1950px; width: 1950px; height: 52px;"
  >
    <div
      class="mb-3"
      color=""
    >
      <label
        class="form-label"
        for="testField"
      >
        Test
      </label>
      <input
        class="form-control"
        defaultvalue=""
        id="testField"
        type="text"
      />
    </div>
    <button
      type="reset"
    >
      Reset
    </button>
  </form>
</div>
`;
