// Jest Snapshot v1, https://goo.gl/fbAQLP

exports[`Component: Textarea ui default 1`] = `
<div>
  <div
    class="mb-3"
    color="success"
  >
    <textarea
      aria-label="First name"
      class="form-control"
      id="1"
    />
    Some error
  </div>
</div>
`;
