// Jest Snapshot v1, https://goo.gl/fbAQLP

exports[`Component: AutoSave ui 1`] = `
<FormSpy
  onChange={[Function]}
  subscription={
    Object {
      "active": true,
      "values": true,
    }
  }
/>
`;
